<select multiple="multiple" data-js='ts' name="ts[]" id="ts" class="regular-text"></select>